
 Start Length Name Class
 0001:00341000 0000006ADH _TEXT                  CODE
 0002:00342000 000000174H _DATA                  DATA
 0003:00342174 000000000H _BSS                   BSS
 0004:00000000 000000000H _TLS                   TLS


Detailed map of segments
 0001:00000000 00000016 C=CODE    S=_TEXT    G=(none)   M=D:\HOME\SKRYLEV\лнх днйслемрш\PROJECTS\CCD1A.CLX\ZCL\ZCLIB.O ACBP=A9
 0001:00000016 0000044E C=CODE    S=_TEXT    G=(none)   M=D:\HOME\SKRYLEV\лнх днйслемрш\PROJECTS\CCD1A.CLX\ZCL\ZCOMPONENT.O ACBP=A9
 0001:00000464 00000124 C=CODE    S=_TEXT    G=(none)   M=D:\HOME\SKRYLEV\лнх днйслемрш\PROJECTS\CCD1A.CLX\ZCL\ZOBJECT.O ACBP=A9
 0001:00000588 00000135 C=CODE    S=_TEXT    G=(none)   M=D:\HOME\SKRYLEV\лнх днйслемрш\PROJECTS\CCD1A.CLX\ZCL\ZCOMMAND.O ACBP=A9
 0002:00000000 000000C8 C=DATA    S=_DATA    G=DGROUP   M=D:\HOME\SKRYLEV\лнх днйслемрш\PROJECTS\CCD1A.CLX\ZCL\ZCOMPONENT.O ACBP=A9
 0002:000000C8 0000006C C=DATA    S=_DATA    G=DGROUP   M=D:\HOME\SKRYLEV\лнх днйслемрш\PROJECTS\CCD1A.CLX\ZCL\ZOBJECT.O ACBP=A9
 0002:00000134 00000040 C=DATA    S=_DATA    G=DGROUP   M=D:\HOME\SKRYLEV\лнх днйслемрш\PROJECTS\CCD1A.CLX\ZCL\ZCOMMAND.O ACBP=A9

 Address Publics by Name

 0001:00000000  @$bdele$qpv
 0001:00000007  @$bdla$qpv
 0001:0000000E  @$bnwa$qui
 0001:000003C4  @$xt$10ZComponent
 0001:00000418  @$xt$14ZComplexObject
 0001:00000544  @$xt$7ZObject
 0001:000005E0  @$xt$8ZCommand
 0001:00000250  @$xt$a2$p10ZComponent
 0001:00000080  @$xt$p10ZComponent
 0001:0000050C  @$xt$p14ZComplexObject
 0001:00000498  @$xt$p7ZObject
 0001:000005C8  @$xt$p8ZCommand
 0001:00000000  @C3_0
 0001:00000588  @ZCommand@$bctr$qqrv
 0001:00000634  @ZCommand@$bdtr$qqrv
 0002:00000158  @ZCommand@3
 0001:000004CC  @ZComplexObject@$bctr$qqrp10ZComponent
 0001:0000052C  @ZComplexObject@$bdtr$qqrv
 0002:00000110  @ZComplexObject@3
 0001:00000018  @ZComponent@$bctr$qqrp10ZComponent
 0001:0000009C  @ZComponent@$bdtr$qqrv
 0002:000000A8  @ZComponent@3
 0001:00000370  @ZComponent@Assign$qqrp10ZComponent
 0001:000001E0  @ZComponent@AssignTo$qqrp10ZComponent
 0001:00000110  @ZComponent@ChangeIndex$qqrp10ZComponenti
 0001:000001EC  @ZComponent@DestroyComponents$qqrv
 0001:000001C8  @ZComponent@GetComponent$qqri
 0001:000001A0  @ZComponent@GetComponentIndex$qqrv
 0001:000001E8  @ZComponent@GetOwner$qqrv
 0001:00000184  @ZComponent@IndexOf$qqrp10ZComponent
 0001:00000270  @ZComponent@InsertComponent$qqrp10ZComponent
 0001:000002DC  @ZComponent@RemoveComponent$qqrp10ZComponent
 0001:000001B8  @ZComponent@SetComponentIndex$qqri
 0001:000001DC  @ZComponent@ValidateInsert$qqrp10ZComponent
 0001:00000464  @ZObject@$bctr$qqrv
 0001:000004B0  @ZObject@$bdtr$qqrv
 0002:00000120  @ZObject@3
 0001:000004C8  @ZObject@MessageHandler$qqrp8ZCommand
 0002:00000134  @_$DCA$@ZCommand@$bctr$qqrv
 0002:00000000  @_$DCA$@ZComponent@$bctr$qqrp10ZComponent
 0002:000000C8  @_$DCA$@ZObject@$bctr$qqrv
 0002:000000EC  @_$DCC$@ZComplexObject@$bctr$qqrp10ZComponent
 0002:00000024  @_$DCC$@ZComponent@$bdtr$qqrv
 0002:00000048  @_$DCE$@ZComponent@DestroyComponents$qqrv
 0002:00000078  @_$DCG$@ZComponent@RemoveComponent$qqrp10ZComponent
 0002:00000144  @_$ECTB$@ZCommand@$bctr$qqrv
 0002:00000010  @_$ECTB$@ZComponent@$bctr$qqrp10ZComponent
 0002:000000D8  @_$ECTB$@ZObject@$bctr$qqrv
 0002:0000016C  @_$ECTC$@ZCommand@$bdtr$qqrv
 0002:000000FC  @_$ECTD$@ZComplexObject@$bctr$qqrp10ZComponent
 0002:00000034  @_$ECTD$@ZComponent@$bdtr$qqrv
 0002:00000058  @_$ECTF$@ZComponent@DestroyComponents$qqrv
 0002:00000088  @_$ECTH$@ZComponent@RemoveComponent$qqrp10ZComponent
 0001:00000015  @__InitExceptBlockLDTC

 Address Publics by Value

 0001:00000000  @C3_0
 0001:00000000  @$bdele$qpv
 0001:00000007  @$bdla$qpv
 0001:0000000E  @$bnwa$qui
 0001:00000015  @__InitExceptBlockLDTC
 0001:00000018  @ZComponent@$bctr$qqrp10ZComponent
 0001:00000080  @$xt$p10ZComponent
 0001:0000009C  @ZComponent@$bdtr$qqrv
 0001:00000110  @ZComponent@ChangeIndex$qqrp10ZComponenti
 0001:00000184  @ZComponent@IndexOf$qqrp10ZComponent
 0001:000001A0  @ZComponent@GetComponentIndex$qqrv
 0001:000001B8  @ZComponent@SetComponentIndex$qqri
 0001:000001C8  @ZComponent@GetComponent$qqri
 0001:000001DC  @ZComponent@ValidateInsert$qqrp10ZComponent
 0001:000001E0  @ZComponent@AssignTo$qqrp10ZComponent
 0001:000001E8  @ZComponent@GetOwner$qqrv
 0001:000001EC  @ZComponent@DestroyComponents$qqrv
 0001:00000250  @$xt$a2$p10ZComponent
 0001:00000270  @ZComponent@InsertComponent$qqrp10ZComponent
 0001:000002DC  @ZComponent@RemoveComponent$qqrp10ZComponent
 0001:00000370  @ZComponent@Assign$qqrp10ZComponent
 0001:000003C4  @$xt$10ZComponent
 0001:00000418  @$xt$14ZComplexObject
 0001:00000464  @ZObject@$bctr$qqrv
 0001:00000498  @$xt$p7ZObject
 0001:000004B0  @ZObject@$bdtr$qqrv
 0001:000004C8  @ZObject@MessageHandler$qqrp8ZCommand
 0001:000004CC  @ZComplexObject@$bctr$qqrp10ZComponent
 0001:0000050C  @$xt$p14ZComplexObject
 0001:0000052C  @ZComplexObject@$bdtr$qqrv
 0001:00000544  @$xt$7ZObject
 0001:00000588  @ZCommand@$bctr$qqrv
 0001:000005C8  @$xt$p8ZCommand
 0001:000005E0  @$xt$8ZCommand
 0001:00000634  @ZCommand@$bdtr$qqrv
 0002:00000000  @_$DCA$@ZComponent@$bctr$qqrp10ZComponent
 0002:00000010  @_$ECTB$@ZComponent@$bctr$qqrp10ZComponent
 0002:00000024  @_$DCC$@ZComponent@$bdtr$qqrv
 0002:00000034  @_$ECTD$@ZComponent@$bdtr$qqrv
 0002:00000048  @_$DCE$@ZComponent@DestroyComponents$qqrv
 0002:00000058  @_$ECTF$@ZComponent@DestroyComponents$qqrv
 0002:00000078  @_$DCG$@ZComponent@RemoveComponent$qqrp10ZComponent
 0002:00000088  @_$ECTH$@ZComponent@RemoveComponent$qqrp10ZComponent
 0002:000000A8  @ZComponent@3
 0002:000000C8  @_$DCA$@ZObject@$bctr$qqrv
 0002:000000D8  @_$ECTB$@ZObject@$bctr$qqrv
 0002:000000EC  @_$DCC$@ZComplexObject@$bctr$qqrp10ZComponent
 0002:000000FC  @_$ECTD$@ZComplexObject@$bctr$qqrp10ZComponent
 0002:00000110  @ZComplexObject@3
 0002:00000120  @ZObject@3
 0002:00000134  @_$DCA$@ZCommand@$bctr$qqrv
 0002:00000144  @_$ECTB$@ZCommand@$bctr$qqrv
 0002:00000158  @ZCommand@3
 0002:0000016C  @_$ECTC$@ZCommand@$bdtr$qqrv
